2026-06-24 14:14:17.727: [INFO] OnDoneLoading sync enabled: 0
2026-06-24 14:14:35.757: [INFO] OnDoneLoading sync enabled: 0
2026-06-24 14:32:41.837: [INFO] OnDoneLoading sync enabled: 0
2026-06-24 14:40:37.611: [INFO] OnDoneLoading sync enabled: 0
2026-06-25 11:30:39.362: [INFO] OnDoneLoading sync enabled: 0
2026-06-25 11:36:18.151: [INFO] OnDoneLoading sync enabled: 0
2026-06-30 09:00:59.025: [INFO] OnDoneLoading sync enabled: 0
2026-06-30 09:09:42.564: [INFO] OnDoneLoading sync enabled: 0
2026-06-30 09:12:07.818: [INFO] OnDoneLoading sync enabled: 0
2026-07-01 13:42:56.852: [INFO] OnDoneLoading sync enabled: 0
2026-07-01 13:48:02.745: [INFO] OnDoneLoading sync enabled: 0
2026-07-01 14:08:43.126: [INFO] OnDoneLoading sync enabled: 0
2026-07-08 09:07:50.443: [INFO] OnDoneLoading sync enabled: 0
2026-07-08 09:13:15.258: [INFO] OnDoneLoading sync enabled: 0
2026-07-08 09:16:24.673: [INFO] OnDoneLoading sync enabled: 0
2026-08-15 13:26:28.205: [INFO] CurrentProfilePath: C:\Users\Chetradevee\OneDrive\Desktop\Automation Testing\Assignment\Assignment_Answers\Daily_Assignments\.metadata\.plugins\org.eclipse.swt\EBWebView\Default
2026-08-15 13:26:28.205: [INFO] Profiles total count: 1
2026-08-15 13:26:28.205: [INFO] Profile: name=Profile 1 path=C:\Users\Chetradevee\OneDrive\Desktop\Automation Testing\Assignment\Assignment_Answers\Daily_Assignments\.metadata\.plugins\org.eclipse.swt\EBWebView\Default lastActive=2026-07-08T09:08:19.735Z
2026-08-15 13:26:28.205: [INFO] LastUsedProfileDir: C:\Users\Chetradevee\OneDrive\Desktop\Automation Testing\Assignment\Assignment_Answers\Daily_Assignments\.metadata\.plugins\org.eclipse.swt\EBWebView\Default
2026-08-15 13:26:28.205: [INFO] MostRecentlyActiveProfile: name=Profile 1 path=C:\Users\Chetradevee\OneDrive\Desktop\Automation Testing\Assignment\Assignment_Answers\Daily_Assignments\.metadata\.plugins\org.eclipse.swt\EBWebView\Default lastActive=2026-07-08T09:08:19.735Z
2026-08-15 13:26:28.205: [INFO] OnDoneLoading sync enabled: 0
2026-08-15 13:26:28.206: [INFO] BookmarkModelLoaded, ids_reassigned: 0
2026-08-15 13:26:28.206: [INFO] BookmarksLoadDropped droppedNodes=0
2026-08-15 13:26:28.206: [INFO] BookmarksSnapshot Startup total=0 bar=0 other=0 mobile=0 showBar=0 showBarNTP=1
2026-08-15 13:31:42.498: [INFO] BookmarksSnapshot Shutdown total=0 bar=0 other=0 mobile=0 showBar=0 showBarNTP=1
2026-08-16 10:33:15.951: [INFO] CurrentProfilePath: C:\Users\Chetradevee\OneDrive\Desktop\Automation Testing\Assignment\Assignment_Answers\Daily_Assignments\.metadata\.plugins\org.eclipse.swt\EBWebView\Default
2026-08-16 10:33:15.951: [INFO] Profiles total count: 1
2026-08-16 10:33:15.952: [INFO] Profile: name=Profile 1 path=C:\Users\Chetradevee\OneDrive\Desktop\Automation Testing\Assignment\Assignment_Answers\Daily_Assignments\.metadata\.plugins\org.eclipse.swt\EBWebView\Default lastActive=2026-08-15T13:31:20.833Z
2026-08-16 10:33:15.952: [INFO] LastUsedProfileDir: C:\Users\Chetradevee\OneDrive\Desktop\Automation Testing\Assignment\Assignment_Answers\Daily_Assignments\.metadata\.plugins\org.eclipse.swt\EBWebView\Default
2026-08-16 10:33:15.952: [INFO] MostRecentlyActiveProfile: name=Profile 1 path=C:\Users\Chetradevee\OneDrive\Desktop\Automation Testing\Assignment\Assignment_Answers\Daily_Assignments\.metadata\.plugins\org.eclipse.swt\EBWebView\Default lastActive=2026-08-15T13:31:20.833Z
2026-08-16 10:33:15.952: [INFO] OnDoneLoading sync enabled: 0
2026-08-16 10:33:15.952: [INFO] BookmarkModelLoaded, ids_reassigned: 0
2026-08-16 10:33:15.952: [INFO] BookmarksLoadDropped droppedNodes=0
2026-08-16 10:33:15.952: [INFO] BookmarksSnapshot Startup total=0 bar=0 other=0 mobile=0 showBar=0 showBarNTP=1
2026-08-16 10:55:04.172: [INFO] BookmarksSnapshot Shutdown total=0 bar=0 other=0 mobile=0 showBar=0 showBarNTP=1
2026-08-16 10:57:14.041: [INFO] CurrentProfilePath: C:\Users\Chetradevee\OneDrive\Desktop\Automation Testing\Assignment\Assignment_Answers\Daily_Assignments\.metadata\.plugins\org.eclipse.swt\EBWebView\Default
2026-08-16 10:57:14.041: [INFO] Profiles total count: 1
2026-08-16 10:57:14.042: [INFO] Profile: name=Profile 1 path=C:\Users\Chetradevee\OneDrive\Desktop\Automation Testing\Assignment\Assignment_Answers\Daily_Assignments\.metadata\.plugins\org.eclipse.swt\EBWebView\Default lastActive=2026-08-15T13:31:20.833Z
2026-08-16 10:57:14.042: [INFO] LastUsedProfileDir: C:\Users\Chetradevee\OneDrive\Desktop\Automation Testing\Assignment\Assignment_Answers\Daily_Assignments\.metadata\.plugins\org.eclipse.swt\EBWebView\Default
2026-08-16 10:57:14.042: [INFO] MostRecentlyActiveProfile: name=Profile 1 path=C:\Users\Chetradevee\OneDrive\Desktop\Automation Testing\Assignment\Assignment_Answers\Daily_Assignments\.metadata\.plugins\org.eclipse.swt\EBWebView\Default lastActive=2026-08-15T13:31:20.833Z
2026-08-16 10:57:14.042: [INFO] OnDoneLoading sync enabled: 0
2026-08-16 10:57:14.042: [INFO] BookmarkModelLoaded, ids_reassigned: 0
2026-08-16 10:57:14.042: [INFO] BookmarksLoadDropped droppedNodes=0
2026-08-16 10:57:14.042: [INFO] BookmarksSnapshot Startup total=0 bar=0 other=0 mobile=0 showBar=0 showBarNTP=1
2026-08-16 10:57:24.314: [INFO] BookmarksSnapshot Shutdown total=0 bar=0 other=0 mobile=0 showBar=0 showBarNTP=1
2026-08-21 13:25:48.843: [INFO] CurrentProfilePath: C:\Users\Chetradevee\OneDrive\Desktop\Automation Testing\Assignment\Assignment_Answers\Daily_Assignments\.metadata\.plugins\org.eclipse.swt\EBWebView\Default
2026-08-21 13:25:48.843: [INFO] Profiles total count: 1
2026-08-21 13:25:48.844: [INFO] Profile: name=Profile 1 path=C:\Users\Chetradevee\OneDrive\Desktop\Automation Testing\Assignment\Assignment_Answers\Daily_Assignments\.metadata\.plugins\org.eclipse.swt\EBWebView\Default lastActive=2026-08-15T13:31:20.833Z
2026-08-21 13:25:48.844: [INFO] LastUsedProfileDir: C:\Users\Chetradevee\OneDrive\Desktop\Automation Testing\Assignment\Assignment_Answers\Daily_Assignments\.metadata\.plugins\org.eclipse.swt\EBWebView\Default
2026-08-21 13:25:48.844: [INFO] MostRecentlyActiveProfile: name=Profile 1 path=C:\Users\Chetradevee\OneDrive\Desktop\Automation Testing\Assignment\Assignment_Answers\Daily_Assignments\.metadata\.plugins\org.eclipse.swt\EBWebView\Default lastActive=2026-08-15T13:31:20.833Z
2026-08-21 13:25:48.844: [INFO] OnDoneLoading sync enabled: 0
2026-08-21 13:25:48.844: [INFO] BookmarkModelLoaded, ids_reassigned: 0
2026-08-21 13:25:48.844: [INFO] BookmarksLoadDropped droppedNodes=0
2026-08-21 13:25:48.844: [INFO] BookmarksSnapshot Startup total=0 bar=0 other=0 mobile=0 showBar=0 showBarNTP=1
2026-08-21 13:26:36.866: [INFO] BookmarksSnapshot Shutdown total=0 bar=0 other=0 mobile=0 showBar=0 showBarNTP=1
